
====================================================================================================
Hallway centring — does a slightly uneven wall move the wheels?
====================================================================================================
ObstacleAvoidanceController.kt, MotorTuning.steered and the tuned pair are the real code.
Each row is one depth frame: left/right = the two wall distances the side boxes report.

  left(m)   right(m)  diff(m)  bias    action          wheels L/R
  1.40      1.52      0.12     0       FORWARD         180/128   (flat wall, noise only)
  CHECK PASS: flat wall, noise only: no correction
  CHECK PASS: flat wall, noise only: action is FORWARD
  1.20      1.38      0.18     0       FORWARD         180/128   (flat wall, more noise)
  CHECK PASS: flat wall, more noise: no correction
  CHECK PASS: flat wall, more noise: action is FORWARD
  0.60      1.70      1.10     29      CENTER RIGHT    209/110   (hugging the left wall)
  CHECK PASS: hugging the left wall: steers right
  CHECK PASS: hugging the left wall: action is CENTER RIGHT
  1.70      0.60      1.10     -29     CENTER LEFT     151/157   (hugging the right wall)
  CHECK PASS: hugging the right wall: steers left
  CHECK PASS: hugging the right wall: action is CENTER LEFT
  1.00      1.55      0.55     4       CENTER RIGHT    184/124   (half a metre off centre)
  CHECK PASS: half a metre off centre: steers right
  CHECK PASS: half a metre off centre: action is CENTER RIGHT
  1.10      1.10      0.00     0       FORWARD         180/128   (dead centre in a corridor)
  CHECK PASS: dead centre in a corridor: no correction
  CHECK PASS: dead centre in a corridor: action is FORWARD

====================================================================================================
Outside a corridor: the walls stop being a centre line
====================================================================================================
  4.00      4.60      0.60     0       FORWARD         180/128   (open room (both sides far))
  CHECK PASS: open room (both sides far): no correction
  CHECK PASS: open room (both sides far): action is FORWARD
  --        1.20      --       0       FORWARD         180/128   (one wall missing)
  CHECK PASS: one wall missing: no correction
  CHECK PASS: one wall missing: action is FORWARD
  0.70      3.20      2.50     8       CENTER RIGHT    188/120   (wall on the left, doorway on the right)
  CHECK PASS: wall on the left, doorway on the right: steers right
  CHECK PASS: wall on the left, doorway on the right: action is CENTER RIGHT

====================================================================================================
The correction is bounded, and it does not fight the route
====================================================================================================
  bias at 0.65 m off centre = 9   at 1.40 m off centre = 43
  CHECK PASS: the correction grows with the offset
  CHECK PASS: the correction never exceeds the smoothing maximum
  with a route asking for a right turn: bias=14 action='STEER RIGHT'
  CHECK PASS: a route's turn intent is not overridden by hallway centring

====================================================================================================
RESULT: 0 assertion(s) failed
====================================================================================================
